---
source: src/backend/cuda/cuda.rs
expression: jit.kernel_debug()
---

