---
source: src/backend/cuda/test.rs
expression: ir.kernel_history()
---
Kernel History:

