---
source: src/backend/optix/test.rs
expression: ir.kernel_history()
---
Kernel History:

