---
source: src/backend/cuda.rs
expression: "jit::kernel_debug()"
---

